[INFO] Error stacktraces are turned on.
[INFO] Scanning for projects...
[INFO] 
[INFO] ------------------------< com.elibrary:backend >------------------------
[INFO] Building backend 0.0.1-SNAPSHOT
[INFO]   from pom.xml
[INFO] --------------------------------[ jar ]---------------------------------
[INFO] 
[INFO] >>> spring-boot:3.4.5:run (default-cli) > test-compile @ backend >>>
[INFO] 
[INFO] --- resources:3.3.1:resources (default-resources) @ backend ---
[INFO] Copying 2 resources from src\main\resources to target\classes
[INFO] Copying 0 resource from src\main\resources to target\classes
[INFO] 
[INFO] --- compiler:3.13.0:compile (default-compile) @ backend ---
[INFO] Nothing to compile - all classes are up to date.
[INFO] 
[INFO] --- resources:3.3.1:testResources (default-testResources) @ backend ---
[INFO] skip non existing resourceDirectory C:\Users\user\Desktop\E-Library\backend\src\test\resources
[INFO] 
[INFO] --- compiler:3.13.0:testCompile (default-testCompile) @ backend ---
[INFO] Nothing to compile - all classes are up to date.
[INFO] 
[INFO] <<< spring-boot:3.4.5:run (default-cli) < test-compile @ backend <<<
[INFO] 
[INFO] 
[INFO] --- spring-boot:3.4.5:run (default-cli) @ backend ---
[INFO] Attaching agents: []

  .   ____          _            __ _ _
 /\\ / ___'_ __ _ _(_)_ __  __ _ \ \ \ \
( ( )\___ | '_ | '_| | '_ \/ _` | \ \ \ \
 \\/  ___)| |_)| | | | | || (_| |  ) ) ) )
  '  |____| .__|_| |_|_| |_\__, | / / / /
 =========|_|==============|___/=/_/_/_/

 :: Spring Boot ::                (v3.4.5)

2026-03-26T11:45:09.490+05:30  INFO 30964 --- [backend] [           main] com.elibrary.ELibraryApplication         : Starting ELibraryApplication using Java 23.0.1 with PID 30964 (C:\Users\user\Desktop\E-Library\backend\target\classes started by user in C:\Users\user\Desktop\E-Library\backend)
2026-03-26T11:45:09.491+05:30 DEBUG 30964 --- [backend] [           main] com.elibrary.ELibraryApplication         : Running with Spring Boot v3.4.5, Spring v6.2.6
2026-03-26T11:45:09.492+05:30  INFO 30964 --- [backend] [           main] com.elibrary.ELibraryApplication         : No active profile set, falling back to 1 default profile: "default"
2026-03-26T11:45:10.129+05:30  INFO 30964 --- [backend] [           main] .s.d.r.c.RepositoryConfigurationDelegate : Bootstrapping Spring Data JPA repositories in DEFAULT mode.
2026-03-26T11:45:10.198+05:30  INFO 30964 --- [backend] [           main] .s.d.r.c.RepositoryConfigurationDelegate : Finished Spring Data repository scanning in 61 ms. Found 4 JPA repository interfaces.
2026-03-26T11:45:10.664+05:30  INFO 30964 --- [backend] [           main] o.s.b.w.embedded.tomcat.TomcatWebServer  : Tomcat initialized with port 8080 (http)
2026-03-26T11:45:10.679+05:30  INFO 30964 --- [backend] [           main] o.apache.catalina.core.StandardService   : Starting service [Tomcat]
2026-03-26T11:45:10.680+05:30  INFO 30964 --- [backend] [           main] o.apache.catalina.core.StandardEngine    : Starting Servlet engine: [Apache Tomcat/10.1.40]
2026-03-26T11:45:10.731+05:30  INFO 30964 --- [backend] [           main] o.a.c.c.C.[Tomcat].[localhost].[/]       : Initializing Spring embedded WebApplicationContext
2026-03-26T11:45:10.731+05:30  INFO 30964 --- [backend] [           main] w.s.c.ServletWebServerApplicationContext : Root WebApplicationContext: initialization completed in 1188 ms
2026-03-26T11:45:10.876+05:30  INFO 30964 --- [backend] [           main] o.hibernate.jpa.internal.util.LogHelper  : HHH000204: Processing PersistenceUnitInfo [name: default]
2026-03-26T11:45:10.921+05:30  INFO 30964 --- [backend] [           main] org.hibernate.Version                    : HHH000412: Hibernate ORM core version 6.6.13.Final
2026-03-26T11:45:10.961+05:30  INFO 30964 --- [backend] [           main] o.h.c.internal.RegionFactoryInitiator    : HHH000026: Second-level cache disabled
2026-03-26T11:45:11.224+05:30  INFO 30964 --- [backend] [           main] o.s.o.j.p.SpringPersistenceUnitInfo      : No LoadTimeWeaver setup: ignoring JPA class transformer
2026-03-26T11:45:11.252+05:30  INFO 30964 --- [backend] [           main] com.zaxxer.hikari.HikariDataSource       : HikariPool-1 - Starting...
2026-03-26T11:45:11.595+05:30  INFO 30964 --- [backend] [           main] com.zaxxer.hikari.pool.HikariPool        : HikariPool-1 - Added connection com.mysql.cj.jdbc.ConnectionImpl@56cd5d76
2026-03-26T11:45:11.598+05:30  INFO 30964 --- [backend] [           main] com.zaxxer.hikari.HikariDataSource       : HikariPool-1 - Start completed.
2026-03-26T11:45:11.639+05:30  WARN 30964 --- [backend] [           main] org.hibernate.orm.deprecation            : HHH90000025: MySQLDialect does not need to be specified explicitly using 'hibernate.dialect' (remove the property setting and it will be selected by default)
2026-03-26T11:45:11.654+05:30  INFO 30964 --- [backend] [           main] org.hibernate.orm.connections.pooling    : HHH10001005: Database info:
	Database JDBC URL [Connecting through datasource 'HikariDataSource (HikariPool-1)']
	Database driver: undefined/unknown
	Database version: 9.2
	Autocommit mode: undefined/unknown
	Isolation level: undefined/unknown
	Minimum pool size: undefined/unknown
	Maximum pool size: undefined/unknown
2026-03-26T11:45:12.384+05:30  INFO 30964 --- [backend] [           main] o.h.e.t.j.p.i.JtaPlatformInitiator       : HHH000489: No JTA platform available (set 'hibernate.transaction.jta.platform' to enable JTA platform integration)
2026-03-26T11:45:12.428+05:30  INFO 30964 --- [backend] [           main] j.LocalContainerEntityManagerFactoryBean : Initialized JPA EntityManagerFactory for persistence unit 'default'
2026-03-26T11:45:12.681+05:30  INFO 30964 --- [backend] [           main] o.s.d.j.r.query.QueryEnhancerFactory     : Hibernate is in classpath; If applicable, HQL parser will be used.
? PDF Directory found at: C:\Users\user\Desktop\E-Library\backend\..\pdf
2026-03-26T11:45:13.366+05:30  WARN 30964 --- [backend] [           main] JpaBaseConfiguration$JpaWebConfiguration : spring.jpa.open-in-view is enabled by default. Therefore, database queries may be performed during view rendering. Explicitly configure spring.jpa.open-in-view to disable this warning
2026-03-26T11:45:13.380+05:30  WARN 30964 --- [backend] [           main] .s.s.UserDetailsServiceAutoConfiguration : 

Using generated security password: 1ab3fd99-47a7-4b95-8f23-24c746810483

This generated password is for development use only. Your security configuration must be updated before running your application in production.

2026-03-26T11:45:13.386+05:30  INFO 30964 --- [backend] [           main] r$InitializeUserDetailsManagerConfigurer : Global AuthenticationManager configured with UserDetailsService bean with name inMemoryUserDetailsManager
2026-03-26T11:45:13.821+05:30  INFO 30964 --- [backend] [           main] o.s.b.w.embedded.tomcat.TomcatWebServer  : Tomcat started on port 8080 (http) with context path '/'
2026-03-26T11:45:13.827+05:30  INFO 30964 --- [backend] [           main] com.elibrary.ELibraryApplication         : Started ELibraryApplication in 4.809 seconds (process running for 5.176)
? E-Library Backend started successfully on port 8080!
